============================= test session starts =============================
platform win32 -- Python 3.13.7, pytest-9.0.2, pluggy-1.6.0 -- C:\Users\l_a_c\code\AI-Playwright-Test-Generator\.venv\Scripts\python.exe
cachedir: .pytest_cache
rootdir: C:\Users\l_a_c\code\AI-Playwright-Test-Generator
configfile: pytest.ini
plugins: anyio-4.11.0, base-url-2.1.0, cov-7.0.0, playwright-0.7.2
collecting ... collected 23 items

tests/test_llm_client.py::TestLLMClientInitialization::test_client_initialization_with_custom_model PASSED [  4%]
tests/test_llm_client.py::TestLLMClientInitialization::test_client_uses_env_var_when_provided PASSED [  8%]
tests/test_llm_client.py::TestLLMClientInitialization::test_client_uses_default_model_when_no_env_var PASSED [ 13%]
tests/test_llm_client.py::TestLLMClientInitialization::test_client_default_url PASSED [ 17%]
tests/test_llm_client.py::TestLLMClientInitialization::test_client_system_prompt_is_set PASSED [ 21%]
tests/test_llm_client.py::TestGenerateTestMethod::test_raises_error_on_empty_request PASSED [ 26%]
tests/test_llm_client.py::TestGenerateTestMethod::test_generate_test_calls_api_correctly FAILED [ 30%]
tests/test_llm_client.py::TestGenerateTestMethod::test_generate_test_returns_extracted_code PASSED [ 34%]
tests/test_llm_client.py::TestGenerateTestMethod::test_generate_test_with_trailing_newline PASSED [ 39%]
tests/test_llm_client.py::TestGenerateTestMethod::test_generate_test_with_additional_context PASSED [ 43%]
tests/test_llm_client.py::TestGenerateTestMethod::test_connection_error_handling PASSED [ 47%]
tests/test_llm_client.py::TestExtractCodeMethod::test_extracts_code_with_markdown_fences PASSED [ 52%]
tests/test_llm_client.py::TestExtractCodeMethod::test_extracts_code_with_language_specifier PASSED [ 56%]
tests/test_llm_client.py::TestExtractCodeMethod::test_extracts_code_without_language PASSED [ 60%]
tests/test_llm_client.py::TestExtractCodeMethod::test_returns_text_without_fences PASSED [ 65%]
tests/test_llm_client.py::TestExtractCodeMethod::test_removes_surrounding_whitespace PASSED [ 69%]
tests/test_llm_client.py::TestExtractCodeMethod::test_handles_extra_content_around_code PASSED [ 73%]
tests/test_llm_client.py::TestExtractCodeMethod::test_handles_empty_code_block PASSED [ 78%]
tests/test_llm_client.py::TestSystemPromptContent::test_system_prompt_contains_playwright_import PASSED [ 82%]
tests/test_llm_client.py::TestSystemPromptContent::test_system_prompt_includes_screenshot_instructions PASSED [ 86%]
tests/test_llm_client.py::TestSystemPromptContent::test_system_prompt_uses_sync_api FAILED [ 91%]
tests/test_llm_client.py::TestSystemPromptContent::test_system_prompt_excludes_pytest_import PASSED [ 95%]
tests/test_llm_client.py::TestErrorHandling::test_connection_error_message PASSED [100%]

================================== FAILURES ===================================
________ TestGenerateTestMethod.test_generate_test_calls_api_correctly ________

self = <tests.test_llm_client.TestGenerateTestMethod object at 0x000002611491DF90>
mock_post = <MagicMock name='post' id='2615980503600'>

    @patch("src.llm_client.requests.post")
    def test_generate_test_calls_api_correctly(self, mock_post):
        """Verify API call is made with correct payload."""
        # This 'with' block hides the CI flag just for this test
        with patch.dict(os.environ, {"CI": ""}):
            mock_response = MagicMock()
            mock_response.json.return_value = {"response": "test code"}
            mock_response.raise_for_status = MagicMock()
            mock_post.return_value = mock_response
    
            client = LLMClient()
            _ = client.generate_test("test scenario")
            assert mock_post.called
        call_args = mock_post.call_args
>       assert call_args[1]["json"]["model"] == "qwen3.5:35b"
E       AssertionError: assert 'qwen2.5-coder:1.5b-base' == 'qwen3.5:35b'
E         
E         - qwen3.5:35b
E         + qwen2.5-coder:1.5b-base

tests\test_llm_client.py:70: AssertionError
__________ TestSystemPromptContent.test_system_prompt_uses_sync_api ___________

self = <tests.test_llm_client.TestSystemPromptContent object at 0x00000261149829E0>

    def test_system_prompt_uses_sync_api(self):
        """Verify system prompt specifies sync API usage (pytest-playwright standard)."""
        client = LLMClient()
        assert "sync_api" in client.system_prompt.lower()
>       assert "async_playwright" not in client.system_prompt
E       assert 'async_playwright' not in 'You are an expert Playwright testing engineer.\nYour task is to generate clean, modern, and robust Playwright (Python) test code in pytest format.\nFollow these rules:\n1. Import from `playwright.sync_api import Page, expect` — use the SYNC API, not async.\n2. Use pytest fixtures: the test function must accept `page: Page` as a parameter.\n3. Do NOT use asyncio, async def, or async_playwright — tests must be synchronous pytest functions.\n4. Do NOT include `import pytest` — pytest is available automatically via pytest-playwright.\n5. Do NOT use class-based tests — use standalone test functions only.\n6. Return ONLY the code block inside triple backticks. Do not add explanations.\n7. Include comments explaining each step.\n8. Handle waits implicitly where possible, but use explicit waits for dynamic content.\n9. Use meaningful selector strategies (data-testid, get_by_role, get_by_label, get_by_placeholder, CSS).\n10. The test should cover the specific scenario requested.\n11. Use the Base URL provided in the scenario to navigate — do NOT hardcode any URL.\n12. CAPTURE SCREENSHOTS for test evidence using the sync API:\n    - page.screenshot(path="screenshots/test_entry_YYYYMMDD_HHMMSS.png")\n    - page.screenshot(path="screenshots/step_description_YYYYMMDD_HHMMSS.png")\n    - page.screenshot(path="screenshots/test_passed_YYYYMMDD_HHMMSS.png")\n13. Use try/except/finally to capture a failure screenshot and always close cleanly.\n\nExample structure:\n```python\nfrom playwright.sync_api import Page, expect\nfrom datetime import datetime\nimport os\n\ndef test_example(page: Page) -> None:\n    os.makedirs("screenshots", exist_ok=True)\n    ts = datetime.now().strftime("%Y%m%d_%H%M%S")\n    page.goto("http://your-base-url")\n    page.screenshot(path=f"screenshots/test_entry_{ts}.png")\n    # test steps here\n    expect(page.get_by_role("button", name="Submit")).to_be_visible()\n    page.screenshot(path=f"screenshots/test_passed_{ts}.png")\n```'
E         
E         'async_playwright' is contained here:
E           You are an expert Playwright testing engineer.
E           Your task is to generate clean, modern, and robust Playwright (Python) test code in pytest format.
E           Follow these rules:
E           1. Import from `playwright.sync_api import Page, expect` — use the SYNC API, not async.
E           2. Use pytest fixtures: the test function must accept `page: Page` as a parameter.
E           3. Do NOT use asyncio, async def, or async_playwright — tests must be synchronous pytest functions.
E         ?                                      ++++++++++++++++
E           4. Do NOT include `import pytest` — pytest is available automatically via pytest-playwright.
E           5. Do NOT use class-based tests — use standalone test functions only.
E           6. Return ONLY the code block inside triple backticks. Do not add explanations.
E           7. Include comments explaining each step.
E           8. Handle waits implicitly where possible, but use explicit waits for dynamic content.
E           9. Use meaningful selector strategies (data-testid, get_by_role, get_by_label, get_by_placeholder, CSS).
E           10. The test should cover the specific scenario requested.
E           11. Use the Base URL provided in the scenario to navigate — do NOT hardcode any URL.
E           12. CAPTURE SCREENSHOTS for test evidence using the sync API:
E               - page.screenshot(path="screenshots/test_entry_YYYYMMDD_HHMMSS.png")
E               - page.screenshot(path="screenshots/step_description_YYYYMMDD_HHMMSS.png")
E               - page.screenshot(path="screenshots/test_passed_YYYYMMDD_HHMMSS.png")
E           13. Use try/except/finally to capture a failure screenshot and always close cleanly.
E           
E           Example structure:
E           ```python
E           from playwright.sync_api import Page, expect
E           from datetime import datetime
E           import os
E           
E           def test_example(page: Page) -> None:
E               os.makedirs("screenshots", exist_ok=True)
E               ts = datetime.now().strftime("%Y%m%d_%H%M%S")
E               page.goto("http://your-base-url")
E               page.screenshot(path=f"screenshots/test_entry_{ts}.png")
E               # test steps here
E               expect(page.get_by_role("button", name="Submit")).to_be_visible()
E               page.screenshot(path=f"screenshots/test_passed_{ts}.png")
E           ```

tests\test_llm_client.py:196: AssertionError
=============================== tests coverage ================================
_______________ coverage: platform win32, python 3.13.7-final-0 _______________

Name                    Stmts   Miss  Cover   Missing
-----------------------------------------------------
src\__init__.py             0      0   100%
src\llm_client.py          42      3    93%   71-74, 107
src\test_generator.py      43     43     0%   5-78
-----------------------------------------------------
TOTAL                      85     46    46%
Coverage HTML written to dir htmlcov
Coverage XML written to file coverage.xml
=========================== short test summary info ===========================
FAILED tests/test_llm_client.py::TestGenerateTestMethod::test_generate_test_calls_api_correctly - AssertionError: assert 'qwen2.5-coder:1.5b-base' == 'qwen3.5:35b'
  
  - qwen3.5:35b
  + qwen2.5-coder:1.5b-base
FAILED tests/test_llm_client.py::TestSystemPromptContent::test_system_prompt_uses_sync_api - assert 'async_playwright' not in 'You are an expert Playwright testing engineer.\nYour task is to generate clean, modern, and robust Playwright (Python) test code in pytest format.\nFollow these rules:\n1. Import from `playwright.sync_api import Page, expect` — use the SYNC API, not async.\n2. Use pytest fixtures: the test function must accept `page: Page` as a parameter.\n3. Do NOT use asyncio, async def, or async_playwright — tests must be synchronous pytest functions.\n4. Do NOT include `import pytest` — pytest is available automatically via pytest-playwright.\n5. Do NOT use class-based tests — use standalone test functions only.\n6. Return ONLY the code block inside triple backticks. Do not add explanations.\n7. Include comments explaining each step.\n8. Handle waits implicitly where possible, but use explicit waits for dynamic content.\n9. Use meaningful selector strategies (data-testid, get_by_role, get_by_label, get_by_placeholder, CSS).\n10. The test should cover the specific scenario requested.\n11. Use the Base URL provided in the scenario to navigate — do NOT hardcode any URL.\n12. CAPTURE SCREENSHOTS for test evidence using the sync API:\n    - page.screenshot(path="screenshots/test_entry_YYYYMMDD_HHMMSS.png")\n    - page.screenshot(path="screenshots/step_description_YYYYMMDD_HHMMSS.png")\n    - page.screenshot(path="screenshots/test_passed_YYYYMMDD_HHMMSS.png")\n13. Use try/except/finally to capture a failure screenshot and always close cleanly.\n\nExample structure:\n```python\nfrom playwright.sync_api import Page, expect\nfrom datetime import datetime\nimport os\n\ndef test_example(page: Page) -> None:\n    os.makedirs("screenshots", exist_ok=True)\n    ts = datetime.now().strftime("%Y%m%d_%H%M%S")\n    page.goto("http://your-base-url")\n    page.screenshot(path=f"screenshots/test_entry_{ts}.png")\n    # test steps here\n    expect(page.get_by_role("button", name="Submit")).to_be_visible()\n    page.screenshot(path=f"screenshots/test_passed_{ts}.png")\n```'
  
  'async_playwright' is contained here:
    You are an expert Playwright testing engineer.
    Your task is to generate clean, modern, and robust Playwright (Python) test code in pytest format.
    Follow these rules:
    1. Import from `playwright.sync_api import Page, expect` — use the SYNC API, not async.
    2. Use pytest fixtures: the test function must accept `page: Page` as a parameter.
    3. Do NOT use asyncio, async def, or async_playwright — tests must be synchronous pytest functions.
  ?                                      ++++++++++++++++
    4. Do NOT include `import pytest` — pytest is available automatically via pytest-playwright.
    5. Do NOT use class-based tests — use standalone test functions only.
    6. Return ONLY the code block inside triple backticks. Do not add explanations.
    7. Include comments explaining each step.
    8. Handle waits implicitly where possible, but use explicit waits for dynamic content.
    9. Use meaningful selector strategies (data-testid, get_by_role, get_by_label, get_by_placeholder, CSS).
    10. The test should cover the specific scenario requested.
    11. Use the Base URL provided in the scenario to navigate — do NOT hardcode any URL.
    12. CAPTURE SCREENSHOTS for test evidence using the sync API:
        - page.screenshot(path="screenshots/test_entry_YYYYMMDD_HHMMSS.png")
        - page.screenshot(path="screenshots/step_description_YYYYMMDD_HHMMSS.png")
        - page.screenshot(path="screenshots/test_passed_YYYYMMDD_HHMMSS.png")
    13. Use try/except/finally to capture a failure screenshot and always close cleanly.
    
    Example structure:
    ```python
    from playwright.sync_api import Page, expect
    from datetime import datetime
    import os
    
    def test_example(page: Page) -> None:
        os.makedirs("screenshots", exist_ok=True)
        ts = datetime.now().strftime("%Y%m%d_%H%M%S")
        page.goto("http://your-base-url")
        page.screenshot(path=f"screenshots/test_entry_{ts}.png")
        # test steps here
        expect(page.get_by_role("button", name="Submit")).to_be_visible()
        page.screenshot(path=f"screenshots/test_passed_{ts}.png")
    ```
======================== 2 failed, 21 passed in 0.29s =========================
